F:\RSDIPLIB\CODE\MYALG\DEBUG\MYALG.EXE
F:\RSDIPLIB\CODE\MYALG\DEBUG\MYALG.ILK
F:\RSDIPLIB\CODE\MYALG\DEBUG\MYALG.PDB
F:\RSDIPLIB\CODE\MYALG\MYALG\DEBUG\BILATERALFILTER.OBJ
F:\rsdiplib\code\myAlg\myAlg\Debug\cl.command.1.tlog
F:\rsdiplib\code\myAlg\myAlg\Debug\CL.read.1.tlog
F:\rsdiplib\code\myAlg\myAlg\Debug\CL.write.1.tlog
F:\RSDIPLIB\CODE\MYALG\MYALG\DEBUG\FOURIERINPUTDLG.OBJ
F:\RSDIPLIB\CODE\MYALG\MYALG\DEBUG\FOURIERSPECTRUMDLG.OBJ
F:\RSDIPLIB\CODE\MYALG\MYALG\DEBUG\FOURIERTRANSFORM.OBJ
F:\RSDIPLIB\CODE\MYALG\MYALG\DEBUG\IDEALFILTERDLG.OBJ
F:\RSDIPLIB\CODE\MYALG\MYALG\DEBUG\IMAGEPROCESSINGEX.OBJ
F:\RSDIPLIB\CODE\MYALG\MYALG\DEBUG\INVERSEDFTDLG.OBJ
F:\RSDIPLIB\CODE\MYALG\MYALG\DEBUG\INVERSEDFTDLGFILTER1.OBJ
F:\rsdiplib\code\myAlg\myAlg\Debug\link.10328.read.1.tlog
F:\rsdiplib\code\myAlg\myAlg\Debug\link.10328.write.1.tlog
F:\rsdiplib\code\myAlg\myAlg\Debug\link.10328-cvtres.read.1.tlog
F:\rsdiplib\code\myAlg\myAlg\Debug\link.10328-cvtres.write.1.tlog
F:\rsdiplib\code\myAlg\myAlg\Debug\link.20368.read.1.tlog
F:\rsdiplib\code\myAlg\myAlg\Debug\link.20368.write.1.tlog
F:\rsdiplib\code\myAlg\myAlg\Debug\link.20368-cvtres.read.1.tlog
F:\rsdiplib\code\myAlg\myAlg\Debug\link.20368-cvtres.write.1.tlog
F:\rsdiplib\code\myAlg\myAlg\Debug\link.24292.read.1.tlog
F:\rsdiplib\code\myAlg\myAlg\Debug\link.24292.write.1.tlog
F:\rsdiplib\code\myAlg\myAlg\Debug\link.24292-cvtres.read.1.tlog
F:\rsdiplib\code\myAlg\myAlg\Debug\link.24292-cvtres.write.1.tlog
F:\rsdiplib\code\myAlg\myAlg\Debug\link.25920.read.1.tlog
F:\rsdiplib\code\myAlg\myAlg\Debug\link.25920.write.1.tlog
F:\rsdiplib\code\myAlg\myAlg\Debug\link.25920-cvtres.read.1.tlog
F:\rsdiplib\code\myAlg\myAlg\Debug\link.25920-cvtres.write.1.tlog
F:\rsdiplib\code\myAlg\myAlg\Debug\link.27896.read.1.tlog
F:\rsdiplib\code\myAlg\myAlg\Debug\link.27896.write.1.tlog
F:\rsdiplib\code\myAlg\myAlg\Debug\link.27896-cvtres.read.1.tlog
F:\rsdiplib\code\myAlg\myAlg\Debug\link.27896-cvtres.write.1.tlog
F:\rsdiplib\code\myAlg\myAlg\Debug\link.28740.read.1.tlog
F:\rsdiplib\code\myAlg\myAlg\Debug\link.28740.write.1.tlog
F:\rsdiplib\code\myAlg\myAlg\Debug\link.28740-cvtres.read.1.tlog
F:\rsdiplib\code\myAlg\myAlg\Debug\link.28740-cvtres.write.1.tlog
F:\rsdiplib\code\myAlg\myAlg\Debug\link.29332.read.1.tlog
F:\rsdiplib\code\myAlg\myAlg\Debug\link.29332.write.1.tlog
F:\rsdiplib\code\myAlg\myAlg\Debug\link.29332-cvtres.read.1.tlog
F:\rsdiplib\code\myAlg\myAlg\Debug\link.29332-cvtres.write.1.tlog
F:\rsdiplib\code\myAlg\myAlg\Debug\link.29840.read.1.tlog
F:\rsdiplib\code\myAlg\myAlg\Debug\link.29840.write.1.tlog
F:\rsdiplib\code\myAlg\myAlg\Debug\link.29840-cvtres.read.1.tlog
F:\rsdiplib\code\myAlg\myAlg\Debug\link.29840-cvtres.write.1.tlog
F:\rsdiplib\code\myAlg\myAlg\Debug\link.32684.read.1.tlog
F:\rsdiplib\code\myAlg\myAlg\Debug\link.32684.write.1.tlog
F:\rsdiplib\code\myAlg\myAlg\Debug\link.32684-cvtres.read.1.tlog
F:\rsdiplib\code\myAlg\myAlg\Debug\link.32684-cvtres.write.1.tlog
F:\rsdiplib\code\myAlg\myAlg\Debug\link.33548.read.1.tlog
F:\rsdiplib\code\myAlg\myAlg\Debug\link.33548.write.1.tlog
F:\rsdiplib\code\myAlg\myAlg\Debug\link.33548-cvtres.read.1.tlog
F:\rsdiplib\code\myAlg\myAlg\Debug\link.33548-cvtres.write.1.tlog
F:\rsdiplib\code\myAlg\myAlg\Debug\link.480.read.1.tlog
F:\rsdiplib\code\myAlg\myAlg\Debug\link.480.write.1.tlog
F:\rsdiplib\code\myAlg\myAlg\Debug\link.480-cvtres.read.1.tlog
F:\rsdiplib\code\myAlg\myAlg\Debug\link.480-cvtres.write.1.tlog
F:\rsdiplib\code\myAlg\myAlg\Debug\link.command.1.tlog
F:\rsdiplib\code\myAlg\myAlg\Debug\link.read.1.tlog
F:\rsdiplib\code\myAlg\myAlg\Debug\link.write.1.tlog
F:\rsdiplib\code\myAlg\myAlg\Debug\link-cvtres.read.1.tlog
F:\rsdiplib\code\myAlg\myAlg\Debug\link-cvtres.write.1.tlog
F:\RSDIPLIB\CODE\MYALG\MYALG\DEBUG\MEDIANFILTERDLG.OBJ
F:\rsdiplib\code\myAlg\myAlg\Debug\mt.command.1.tlog
F:\rsdiplib\code\myAlg\myAlg\Debug\mt.read.1.tlog
F:\rsdiplib\code\myAlg\myAlg\Debug\mt.write.1.tlog
F:\RSDIPLIB\CODE\MYALG\MYALG\DEBUG\MYALG.EXE.EMBED.MANIFEST
F:\RSDIPLIB\CODE\MYALG\MYALG\DEBUG\MYALG.EXE.EMBED.MANIFEST.RES
F:\RSDIPLIB\CODE\MYALG\MYALG\DEBUG\MYALG.EXE.INTERMEDIATE.MANIFEST
F:\RSDIPLIB\CODE\MYALG\MYALG\DEBUG\MYALG.OBJ
F:\RSDIPLIB\CODE\MYALG\MYALG\DEBUG\MYALG.PCH
F:\RSDIPLIB\CODE\MYALG\MYALG\DEBUG\MYALG.RES
F:\rsdiplib\code\myAlg\myAlg\Debug\myAlg.vcxprojResolveAssemblyReference.cache
F:\rsdiplib\code\myAlg\myAlg\Debug\myAlg.write.1.tlog
F:\rsdiplib\code\myAlg\myAlg\Debug\myAlg_manifest.rc
F:\RSDIPLIB\CODE\MYALG\MYALG\DEBUG\MYALGDLG.OBJ
F:\rsdiplib\code\myAlg\myAlg\Debug\rc.command.1.tlog
F:\rsdiplib\code\myAlg\myAlg\Debug\rc.read.1.tlog
F:\rsdiplib\code\myAlg\myAlg\Debug\rc.write.1.tlog
F:\RSDIPLIB\CODE\MYALG\MYALG\DEBUG\STDAFX.OBJ
F:\rsdiplib\code\myAlg\myAlg\Debug\vc100.idb
F:\RSDIPLIB\CODE\MYALG\MYALG\DEBUG\VC100.PDB
