生成启动时间为 2025/12/16 19:13:34。
     1>项目“F:\rsdiplib\code\myAlg\myAlg\myAlg.vcxproj”在节点 2 上(build 个目标)。
     1>InitializeBuildStatus:
         正在对“Debug\myAlg.unsuccessfulbuild”执行 Touch 任务。
       ClCompile:
         所有输出均为最新。
         d:\vs studio2010\VC\bin\CL.exe /c /I..\rsdiplib\include /ZI /nologo /W3 /WX- /Od /Oy- /D WIN32 /D _WINDOWS /D _DEBUG /D _MBCS /D _AFXDLL /Gm /EHsc /RTC1 /MDd /GS /fp:precise /Zc:wchar_t /Zc:forScope /Yu"StdAfx.h" /Fp"Debug\myAlg.pch" /Fo"Debug\\" /Fd"Debug\vc100.pdb" /Gd /TP /analyze- /errorReport:prompt myAlg.cpp myAlgDlg.cpp
         myAlgDlg.cpp
         myAlg.cpp
         正在生成代码...
       ResourceCompile:
         C:\Program Files (x86)\Microsoft SDKs\Windows\v7.0A\bin\rc.exe /D _DEBUG /D _AFXDLL /l"0x0409" /IDebug\ /nologo /fo"Debug\myAlg.res" myAlg.rc 
       ManifestResourceCompile:
         所有输出均为最新。
       Link:
         d:\vs studio2010\VC\bin\link.exe /ERRORREPORT:PROMPT /OUT:"F:\rsdiplib\code\myAlg\Debug\myAlg.exe" /INCREMENTAL /NOLOGO /LIBPATH:F:\rsdiplib\code\myAlg\..\rsdiplib\lib rsdiplib.lib /MANIFEST /ManifestFile:"Debug\myAlg.exe.intermediate.manifest" /MANIFESTUAC:"level='asInvoker' uiAccess='false'" /DEBUG /PDB:"F:\rsdiplib\code\myAlg\Debug\myAlg.pdb" /SUBSYSTEM:WINDOWS /TLBID:1 /DYNAMICBASE /NXCOMPAT /IMPLIB:"F:\rsdiplib\code\myAlg\Debug\myAlg.lib" /MACHINE:X86 Debug\myAlg.res
         Debug\myAlg.exe.embed.manifest.res
         Debug\BilateralFilter.obj
         Debug\FourierInputDlg.obj
         Debug\FourierSpectrumDlg.obj
         Debug\FourierTransform.obj
         Debug\IdealFilterDlg.obj
         Debug\ImageProcessingEx.obj
         Debug\InverseDFTDlg.obj
         Debug\MedianFilterDlg.obj
         Debug\myAlg.obj
         Debug\myAlgDlg.obj
         Debug\stdafx.obj
       Manifest:
         C:\Program Files (x86)\Microsoft SDKs\Windows\v7.0A\bin\mt.exe /nologo /verbose /out:"Debug\myAlg.exe.embed.manifest" /manifest Debug\myAlg.exe.intermediate.manifest "d:\vs studio2010\VC\Include\Manifest\dpiaware.manifest"
         所有输出均为最新。
       LinkEmbedManifest:
         所有输出均为最新。
         myAlg.vcxproj -> F:\rsdiplib\code\myAlg\Debug\myAlg.exe
       PostBuildEvent:
         copy "F:\rsdiplib\code\myAlg\..\rsdiplib\lib\*.dll" "Debug"
         :VCEnd
         F:\rsdiplib\code\myAlg\..\rsdiplib\lib\gdal15.dll
         F:\rsdiplib\code\myAlg\..\rsdiplib\lib\geos_c_fw.dll
         F:\rsdiplib\code\myAlg\..\rsdiplib\lib\geos_fw.dll
         F:\rsdiplib\code\myAlg\..\rsdiplib\lib\libcurl.dll
         F:\rsdiplib\code\myAlg\..\rsdiplib\lib\libeay32.dll
         F:\rsdiplib\code\myAlg\..\rsdiplib\lib\msvcp71.dll
         F:\rsdiplib\code\myAlg\..\rsdiplib\lib\msvcr71.dll
         F:\rsdiplib\code\myAlg\..\rsdiplib\lib\nrcLibD.dll
         F:\rsdiplib\code\myAlg\..\rsdiplib\lib\RSDIPLib.dll
         F:\rsdiplib\code\myAlg\..\rsdiplib\lib\ssleay32.dll
         F:\rsdiplib\code\myAlg\..\rsdiplib\lib\zlib1.dll
         已复制        11 个文件。
       FinalizeBuildStatus:
         正在删除文件“Debug\myAlg.unsuccessfulbuild”。
         正在对“Debug\myAlg.lastbuildstate”执行 Touch 任务。
     1>已完成生成项目“F:\rsdiplib\code\myAlg\myAlg\myAlg.vcxproj”(build 个目标)的操作。

生成成功。

已用时间 00:00:08.24
